2026-08-08 00:10:44,923 INFO orchestrator | Market closed; skipping decision cycle.
2026-08-08 01:02:58,584 INFO orchestrator | Market closed; skipping decision cycle.
2026-08-08 01:55:14,650 INFO orchestrator | Market closed; skipping decision cycle.
2026-08-08 02:47:27,355 INFO orchestrator | Market closed; skipping decision cycle.
2026-08-08 03:39:41,189 INFO orchestrator | Market closed; skipping decision cycle.
2026-08-08 04:31:55,205 INFO orchestrator | Market closed; skipping decision cycle.
2026-08-08 05:24:08,999 INFO orchestrator | Market closed; skipping decision cycle.
2026-08-08 06:16:22,668 INFO orchestrator | Market closed; skipping decision cycle.
2026-08-08 06:25:46,032 ERROR orchestrator | Watchdog tick failed; continuing.
Traceback (most recent call last):
  File "/Users/spusapati/Personal/Investment_stratergy/.venv/lib/python3.13/site-packages/alpaca/common/rest.py", line 198, in _one_request
    response.raise_for_status()
    ~~~~~~~~~~~~~~~~~~~~~~~~~^^
  File "/Users/spusapati/Personal/Investment_stratergy/.venv/lib/python3.13/site-packages/requests/models.py", line 1167, in raise_for_status
    raise HTTPError(http_error_msg, response=self)
requests.exceptions.HTTPError: 503 Server Error: Service Temporarily Unavailable for url: https://paper-api.alpaca.markets/v2/account

During handling of the above exception, another exception occurred:

Traceback (most recent call last):
  File "/Users/spusapati/Personal/Investment_stratergy/investment_strategy/orchestrator.py", line 350, in _watchdog_loop
    self.watchdog.check_once()
    ~~~~~~~~~~~~~~~~~~~~~~~~^^
  File "/Users/spusapati/Personal/Investment_stratergy/investment_strategy/monitor/watchdog.py", line 91, in check_once
    account = self.broker.get_account()
  File "/Users/spusapati/Personal/Investment_stratergy/investment_strategy/execution/alpaca_client.py", line 162, in get_account
    snap = self._read_account_once()
  File "/Users/spusapati/Personal/Investment_stratergy/investment_strategy/execution/alpaca_client.py", line 199, in _read_account_once
    a = _retry_read(self.trading.get_account, what="get_account")
  File "/Users/spusapati/Personal/Investment_stratergy/investment_strategy/execution/alpaca_client.py", line 117, in _retry_read
    return fn()
  File "/Users/spusapati/Personal/Investment_stratergy/.venv/lib/python3.13/site-packages/alpaca/trading/client.py", line 474, in get_account
    response = self.get("/account")
  File "/Users/spusapati/Personal/Investment_stratergy/.venv/lib/python3.13/site-packages/alpaca/common/rest.py", line 225, in get
    return self._request("GET", path, data, **kwargs)
           ~~~~~~~~~~~~~^^^^^^^^^^^^^^^^^^^^^^^^^^^^^
  File "/Users/spusapati/Personal/Investment_stratergy/.venv/lib/python3.13/site-packages/alpaca/common/rest.py", line 131, in _request
    return self._one_request(method, url, opts, retry)
           ~~~~~~~~~~~~~~~~~^^^^^^^^^^^^^^^^^^^^^^^^^^
  File "/Users/spusapati/Personal/Investment_stratergy/.venv/lib/python3.13/site-packages/alpaca/common/rest.py", line 207, in _one_request
    raise APIError(error, http_error)
alpaca.common.exceptions.APIError: {"message": "service temporary unavailable."}

2026-08-08 06:26:16,977 ERROR orchestrator | Watchdog tick failed; continuing.
Traceback (most recent call last):
  File "/Users/spusapati/Personal/Investment_stratergy/.venv/lib/python3.13/site-packages/alpaca/common/rest.py", line 198, in _one_request
    response.raise_for_status()
    ~~~~~~~~~~~~~~~~~~~~~~~~~^^
  File "/Users/spusapati/Personal/Investment_stratergy/.venv/lib/python3.13/site-packages/requests/models.py", line 1167, in raise_for_status
    raise HTTPError(http_error_msg, response=self)
requests.exceptions.HTTPError: 503 Server Error: Service Temporarily Unavailable for url: https://paper-api.alpaca.markets/v2/account

During handling of the above exception, another exception occurred:

Traceback (most recent call last):
  File "/Users/spusapati/Personal/Investment_stratergy/investment_strategy/orchestrator.py", line 350, in _watchdog_loop
    self.watchdog.check_once()
    ~~~~~~~~~~~~~~~~~~~~~~~~^^
  File "/Users/spusapati/Personal/Investment_stratergy/investment_strategy/monitor/watchdog.py", line 91, in check_once
    account = self.broker.get_account()
  File "/Users/spusapati/Personal/Investment_stratergy/investment_strategy/execution/alpaca_client.py", line 162, in get_account
    snap = self._read_account_once()
  File "/Users/spusapati/Personal/Investment_stratergy/investment_strategy/execution/alpaca_client.py", line 199, in _read_account_once
    a = _retry_read(self.trading.get_account, what="get_account")
  File "/Users/spusapati/Personal/Investment_stratergy/investment_strategy/execution/alpaca_client.py", line 117, in _retry_read
    return fn()
  File "/Users/spusapati/Personal/Investment_stratergy/.venv/lib/python3.13/site-packages/alpaca/trading/client.py", line 474, in get_account
    response = self.get("/account")
  File "/Users/spusapati/Personal/Investment_stratergy/.venv/lib/python3.13/site-packages/alpaca/common/rest.py", line 225, in get
    return self._request("GET", path, data, **kwargs)
           ~~~~~~~~~~~~~^^^^^^^^^^^^^^^^^^^^^^^^^^^^^
  File "/Users/spusapati/Personal/Investment_stratergy/.venv/lib/python3.13/site-packages/alpaca/common/rest.py", line 131, in _request
    return self._one_request(method, url, opts, retry)
           ~~~~~~~~~~~~~~~~~^^^^^^^^^^^^^^^^^^^^^^^^^^
  File "/Users/spusapati/Personal/Investment_stratergy/.venv/lib/python3.13/site-packages/alpaca/common/rest.py", line 207, in _one_request
    raise APIError(error, http_error)
alpaca.common.exceptions.APIError: {"message": "service temporary unavailable."}

2026-08-08 06:26:47,330 ERROR orchestrator | Watchdog tick failed; continuing.
Traceback (most recent call last):
  File "/Users/spusapati/Personal/Investment_stratergy/.venv/lib/python3.13/site-packages/alpaca/common/rest.py", line 198, in _one_request
    response.raise_for_status()
    ~~~~~~~~~~~~~~~~~~~~~~~~~^^
  File "/Users/spusapati/Personal/Investment_stratergy/.venv/lib/python3.13/site-packages/requests/models.py", line 1167, in raise_for_status
    raise HTTPError(http_error_msg, response=self)
requests.exceptions.HTTPError: 503 Server Error: Service Temporarily Unavailable for url: https://paper-api.alpaca.markets/v2/account

During handling of the above exception, another exception occurred:

Traceback (most recent call last):
  File "/Users/spusapati/Personal/Investment_stratergy/investment_strategy/orchestrator.py", line 350, in _watchdog_loop
    self.watchdog.check_once()
    ~~~~~~~~~~~~~~~~~~~~~~~~^^
  File "/Users/spusapati/Personal/Investment_stratergy/investment_strategy/monitor/watchdog.py", line 91, in check_once
    account = self.broker.get_account()
  File "/Users/spusapati/Personal/Investment_stratergy/investment_strategy/execution/alpaca_client.py", line 162, in get_account
    snap = self._read_account_once()
  File "/Users/spusapati/Personal/Investment_stratergy/investment_strategy/execution/alpaca_client.py", line 199, in _read_account_once
    a = _retry_read(self.trading.get_account, what="get_account")
  File "/Users/spusapati/Personal/Investment_stratergy/investment_strategy/execution/alpaca_client.py", line 117, in _retry_read
    return fn()
  File "/Users/spusapati/Personal/Investment_stratergy/.venv/lib/python3.13/site-packages/alpaca/trading/client.py", line 474, in get_account
    response = self.get("/account")
  File "/Users/spusapati/Personal/Investment_stratergy/.venv/lib/python3.13/site-packages/alpaca/common/rest.py", line 225, in get
    return self._request("GET", path, data, **kwargs)
           ~~~~~~~~~~~~~^^^^^^^^^^^^^^^^^^^^^^^^^^^^^
  File "/Users/spusapati/Personal/Investment_stratergy/.venv/lib/python3.13/site-packages/alpaca/common/rest.py", line 131, in _request
    return self._one_request(method, url, opts, retry)
           ~~~~~~~~~~~~~~~~~^^^^^^^^^^^^^^^^^^^^^^^^^^
  File "/Users/spusapati/Personal/Investment_stratergy/.venv/lib/python3.13/site-packages/alpaca/common/rest.py", line 207, in _one_request
    raise APIError(error, http_error)
alpaca.common.exceptions.APIError: {"message": "service temporary unavailable."}

2026-08-08 06:27:17,600 ERROR orchestrator | Watchdog tick failed; continuing.
Traceback (most recent call last):
  File "/Users/spusapati/Personal/Investment_stratergy/.venv/lib/python3.13/site-packages/alpaca/common/rest.py", line 198, in _one_request
    response.raise_for_status()
    ~~~~~~~~~~~~~~~~~~~~~~~~~^^
  File "/Users/spusapati/Personal/Investment_stratergy/.venv/lib/python3.13/site-packages/requests/models.py", line 1167, in raise_for_status
    raise HTTPError(http_error_msg, response=self)
requests.exceptions.HTTPError: 503 Server Error: Service Temporarily Unavailable for url: https://paper-api.alpaca.markets/v2/account

During handling of the above exception, another exception occurred:

Traceback (most recent call last):
  File "/Users/spusapati/Personal/Investment_stratergy/investment_strategy/orchestrator.py", line 350, in _watchdog_loop
    self.watchdog.check_once()
    ~~~~~~~~~~~~~~~~~~~~~~~~^^
  File "/Users/spusapati/Personal/Investment_stratergy/investment_strategy/monitor/watchdog.py", line 91, in check_once
    account = self.broker.get_account()
  File "/Users/spusapati/Personal/Investment_stratergy/investment_strategy/execution/alpaca_client.py", line 162, in get_account
    snap = self._read_account_once()
  File "/Users/spusapati/Personal/Investment_stratergy/investment_strategy/execution/alpaca_client.py", line 199, in _read_account_once
    a = _retry_read(self.trading.get_account, what="get_account")
  File "/Users/spusapati/Personal/Investment_stratergy/investment_strategy/execution/alpaca_client.py", line 117, in _retry_read
    return fn()
  File "/Users/spusapati/Personal/Investment_stratergy/.venv/lib/python3.13/site-packages/alpaca/trading/client.py", line 474, in get_account
    response = self.get("/account")
  File "/Users/spusapati/Personal/Investment_stratergy/.venv/lib/python3.13/site-packages/alpaca/common/rest.py", line 225, in get
    return self._request("GET", path, data, **kwargs)
           ~~~~~~~~~~~~~^^^^^^^^^^^^^^^^^^^^^^^^^^^^^
  File "/Users/spusapati/Personal/Investment_stratergy/.venv/lib/python3.13/site-packages/alpaca/common/rest.py", line 131, in _request
    return self._one_request(method, url, opts, retry)
           ~~~~~~~~~~~~~~~~~^^^^^^^^^^^^^^^^^^^^^^^^^^
  File "/Users/spusapati/Personal/Investment_stratergy/.venv/lib/python3.13/site-packages/alpaca/common/rest.py", line 207, in _one_request
    raise APIError(error, http_error)
alpaca.common.exceptions.APIError: {"message": "service temporary unavailable."}

2026-08-08 06:27:47,998 ERROR orchestrator | Watchdog tick failed; continuing.
Traceback (most recent call last):
  File "/Users/spusapati/Personal/Investment_stratergy/.venv/lib/python3.13/site-packages/alpaca/common/rest.py", line 198, in _one_request
    response.raise_for_status()
    ~~~~~~~~~~~~~~~~~~~~~~~~~^^
  File "/Users/spusapati/Personal/Investment_stratergy/.venv/lib/python3.13/site-packages/requests/models.py", line 1167, in raise_for_status
    raise HTTPError(http_error_msg, response=self)
requests.exceptions.HTTPError: 503 Server Error: Service Temporarily Unavailable for url: https://paper-api.alpaca.markets/v2/account

During handling of the above exception, another exception occurred:

Traceback (most recent call last):
  File "/Users/spusapati/Personal/Investment_stratergy/investment_strategy/orchestrator.py", line 350, in _watchdog_loop
    self.watchdog.check_once()
    ~~~~~~~~~~~~~~~~~~~~~~~~^^
  File "/Users/spusapati/Personal/Investment_stratergy/investment_strategy/monitor/watchdog.py", line 91, in check_once
    account = self.broker.get_account()
  File "/Users/spusapati/Personal/Investment_stratergy/investment_strategy/execution/alpaca_client.py", line 162, in get_account
    snap = self._read_account_once()
  File "/Users/spusapati/Personal/Investment_stratergy/investment_strategy/execution/alpaca_client.py", line 199, in _read_account_once
    a = _retry_read(self.trading.get_account, what="get_account")
  File "/Users/spusapati/Personal/Investment_stratergy/investment_strategy/execution/alpaca_client.py", line 117, in _retry_read
    return fn()
  File "/Users/spusapati/Personal/Investment_stratergy/.venv/lib/python3.13/site-packages/alpaca/trading/client.py", line 474, in get_account
    response = self.get("/account")
  File "/Users/spusapati/Personal/Investment_stratergy/.venv/lib/python3.13/site-packages/alpaca/common/rest.py", line 225, in get
    return self._request("GET", path, data, **kwargs)
           ~~~~~~~~~~~~~^^^^^^^^^^^^^^^^^^^^^^^^^^^^^
  File "/Users/spusapati/Personal/Investment_stratergy/.venv/lib/python3.13/site-packages/alpaca/common/rest.py", line 131, in _request
    return self._one_request(method, url, opts, retry)
           ~~~~~~~~~~~~~~~~~^^^^^^^^^^^^^^^^^^^^^^^^^^
  File "/Users/spusapati/Personal/Investment_stratergy/.venv/lib/python3.13/site-packages/alpaca/common/rest.py", line 207, in _one_request
    raise APIError(error, http_error)
alpaca.common.exceptions.APIError: {"message": "service temporary unavailable."}

2026-08-08 06:28:18,332 ERROR orchestrator | Watchdog tick failed; continuing.
Traceback (most recent call last):
  File "/Users/spusapati/Personal/Investment_stratergy/.venv/lib/python3.13/site-packages/alpaca/common/rest.py", line 198, in _one_request
    response.raise_for_status()
    ~~~~~~~~~~~~~~~~~~~~~~~~~^^
  File "/Users/spusapati/Personal/Investment_stratergy/.venv/lib/python3.13/site-packages/requests/models.py", line 1167, in raise_for_status
    raise HTTPError(http_error_msg, response=self)
requests.exceptions.HTTPError: 503 Server Error: Service Temporarily Unavailable for url: https://paper-api.alpaca.markets/v2/account

During handling of the above exception, another exception occurred:

Traceback (most recent call last):
  File "/Users/spusapati/Personal/Investment_stratergy/investment_strategy/orchestrator.py", line 350, in _watchdog_loop
    self.watchdog.check_once()
    ~~~~~~~~~~~~~~~~~~~~~~~~^^
  File "/Users/spusapati/Personal/Investment_stratergy/investment_strategy/monitor/watchdog.py", line 91, in check_once
    account = self.broker.get_account()
  File "/Users/spusapati/Personal/Investment_stratergy/investment_strategy/execution/alpaca_client.py", line 162, in get_account
    snap = self._read_account_once()
  File "/Users/spusapati/Personal/Investment_stratergy/investment_strategy/execution/alpaca_client.py", line 199, in _read_account_once
    a = _retry_read(self.trading.get_account, what="get_account")
  File "/Users/spusapati/Personal/Investment_stratergy/investment_strategy/execution/alpaca_client.py", line 117, in _retry_read
    return fn()
  File "/Users/spusapati/Personal/Investment_stratergy/.venv/lib/python3.13/site-packages/alpaca/trading/client.py", line 474, in get_account
    response = self.get("/account")
  File "/Users/spusapati/Personal/Investment_stratergy/.venv/lib/python3.13/site-packages/alpaca/common/rest.py", line 225, in get
    return self._request("GET", path, data, **kwargs)
           ~~~~~~~~~~~~~^^^^^^^^^^^^^^^^^^^^^^^^^^^^^
  File "/Users/spusapati/Personal/Investment_stratergy/.venv/lib/python3.13/site-packages/alpaca/common/rest.py", line 131, in _request
    return self._one_request(method, url, opts, retry)
           ~~~~~~~~~~~~~~~~~^^^^^^^^^^^^^^^^^^^^^^^^^^
  File "/Users/spusapati/Personal/Investment_stratergy/.venv/lib/python3.13/site-packages/alpaca/common/rest.py", line 207, in _one_request
    raise APIError(error, http_error)
alpaca.common.exceptions.APIError: {"message": "service temporary unavailable."}

2026-08-08 06:28:48,579 ERROR orchestrator | Watchdog tick failed; continuing.
Traceback (most recent call last):
  File "/Users/spusapati/Personal/Investment_stratergy/.venv/lib/python3.13/site-packages/alpaca/common/rest.py", line 198, in _one_request
    response.raise_for_status()
    ~~~~~~~~~~~~~~~~~~~~~~~~~^^
  File "/Users/spusapati/Personal/Investment_stratergy/.venv/lib/python3.13/site-packages/requests/models.py", line 1167, in raise_for_status
    raise HTTPError(http_error_msg, response=self)
requests.exceptions.HTTPError: 503 Server Error: Service Temporarily Unavailable for url: https://paper-api.alpaca.markets/v2/account

During handling of the above exception, another exception occurred:

Traceback (most recent call last):
  File "/Users/spusapati/Personal/Investment_stratergy/investment_strategy/orchestrator.py", line 350, in _watchdog_loop
    self.watchdog.check_once()
    ~~~~~~~~~~~~~~~~~~~~~~~~^^
  File "/Users/spusapati/Personal/Investment_stratergy/investment_strategy/monitor/watchdog.py", line 91, in check_once
    account = self.broker.get_account()
  File "/Users/spusapati/Personal/Investment_stratergy/investment_strategy/execution/alpaca_client.py", line 162, in get_account
    snap = self._read_account_once()
  File "/Users/spusapati/Personal/Investment_stratergy/investment_strategy/execution/alpaca_client.py", line 199, in _read_account_once
    a = _retry_read(self.trading.get_account, what="get_account")
  File "/Users/spusapati/Personal/Investment_stratergy/investment_strategy/execution/alpaca_client.py", line 117, in _retry_read
    return fn()
  File "/Users/spusapati/Personal/Investment_stratergy/.venv/lib/python3.13/site-packages/alpaca/trading/client.py", line 474, in get_account
    response = self.get("/account")
  File "/Users/spusapati/Personal/Investment_stratergy/.venv/lib/python3.13/site-packages/alpaca/common/rest.py", line 225, in get
    return self._request("GET", path, data, **kwargs)
           ~~~~~~~~~~~~~^^^^^^^^^^^^^^^^^^^^^^^^^^^^^
  File "/Users/spusapati/Personal/Investment_stratergy/.venv/lib/python3.13/site-packages/alpaca/common/rest.py", line 131, in _request
    return self._one_request(method, url, opts, retry)
           ~~~~~~~~~~~~~~~~~^^^^^^^^^^^^^^^^^^^^^^^^^^
  File "/Users/spusapati/Personal/Investment_stratergy/.venv/lib/python3.13/site-packages/alpaca/common/rest.py", line 207, in _one_request
    raise APIError(error, http_error)
alpaca.common.exceptions.APIError: {"message": "service temporary unavailable."}

2026-08-08 06:29:18,940 ERROR orchestrator | Watchdog tick failed; continuing.
Traceback (most recent call last):
  File "/Users/spusapati/Personal/Investment_stratergy/.venv/lib/python3.13/site-packages/alpaca/common/rest.py", line 198, in _one_request
    response.raise_for_status()
    ~~~~~~~~~~~~~~~~~~~~~~~~~^^
  File "/Users/spusapati/Personal/Investment_stratergy/.venv/lib/python3.13/site-packages/requests/models.py", line 1167, in raise_for_status
    raise HTTPError(http_error_msg, response=self)
requests.exceptions.HTTPError: 503 Server Error: Service Temporarily Unavailable for url: https://paper-api.alpaca.markets/v2/account

During handling of the above exception, another exception occurred:

Traceback (most recent call last):
  File "/Users/spusapati/Personal/Investment_stratergy/investment_strategy/orchestrator.py", line 350, in _watchdog_loop
    self.watchdog.check_once()
    ~~~~~~~~~~~~~~~~~~~~~~~~^^
  File "/Users/spusapati/Personal/Investment_stratergy/investment_strategy/monitor/watchdog.py", line 91, in check_once
    account = self.broker.get_account()
  File "/Users/spusapati/Personal/Investment_stratergy/investment_strategy/execution/alpaca_client.py", line 162, in get_account
    snap = self._read_account_once()
  File "/Users/spusapati/Personal/Investment_stratergy/investment_strategy/execution/alpaca_client.py", line 199, in _read_account_once
    a = _retry_read(self.trading.get_account, what="get_account")
  File "/Users/spusapati/Personal/Investment_stratergy/investment_strategy/execution/alpaca_client.py", line 117, in _retry_read
    return fn()
  File "/Users/spusapati/Personal/Investment_stratergy/.venv/lib/python3.13/site-packages/alpaca/trading/client.py", line 474, in get_account
    response = self.get("/account")
  File "/Users/spusapati/Personal/Investment_stratergy/.venv/lib/python3.13/site-packages/alpaca/common/rest.py", line 225, in get
    return self._request("GET", path, data, **kwargs)
           ~~~~~~~~~~~~~^^^^^^^^^^^^^^^^^^^^^^^^^^^^^
  File "/Users/spusapati/Personal/Investment_stratergy/.venv/lib/python3.13/site-packages/alpaca/common/rest.py", line 131, in _request
    return self._one_request(method, url, opts, retry)
           ~~~~~~~~~~~~~~~~~^^^^^^^^^^^^^^^^^^^^^^^^^^
  File "/Users/spusapati/Personal/Investment_stratergy/.venv/lib/python3.13/site-packages/alpaca/common/rest.py", line 207, in _one_request
    raise APIError(error, http_error)
alpaca.common.exceptions.APIError: {"message": "service temporary unavailable."}

2026-08-08 06:29:49,199 ERROR orchestrator | Watchdog tick failed; continuing.
Traceback (most recent call last):
  File "/Users/spusapati/Personal/Investment_stratergy/.venv/lib/python3.13/site-packages/alpaca/common/rest.py", line 198, in _one_request
    response.raise_for_status()
    ~~~~~~~~~~~~~~~~~~~~~~~~~^^
  File "/Users/spusapati/Personal/Investment_stratergy/.venv/lib/python3.13/site-packages/requests/models.py", line 1167, in raise_for_status
    raise HTTPError(http_error_msg, response=self)
requests.exceptions.HTTPError: 503 Server Error: Service Temporarily Unavailable for url: https://paper-api.alpaca.markets/v2/account

During handling of the above exception, another exception occurred:

Traceback (most recent call last):
  File "/Users/spusapati/Personal/Investment_stratergy/investment_strategy/orchestrator.py", line 350, in _watchdog_loop
    self.watchdog.check_once()
    ~~~~~~~~~~~~~~~~~~~~~~~~^^
  File "/Users/spusapati/Personal/Investment_stratergy/investment_strategy/monitor/watchdog.py", line 91, in check_once
    account = self.broker.get_account()
  File "/Users/spusapati/Personal/Investment_stratergy/investment_strategy/execution/alpaca_client.py", line 162, in get_account
    snap = self._read_account_once()
  File "/Users/spusapati/Personal/Investment_stratergy/investment_strategy/execution/alpaca_client.py", line 199, in _read_account_once
    a = _retry_read(self.trading.get_account, what="get_account")
  File "/Users/spusapati/Personal/Investment_stratergy/investment_strategy/execution/alpaca_client.py", line 117, in _retry_read
    return fn()
  File "/Users/spusapati/Personal/Investment_stratergy/.venv/lib/python3.13/site-packages/alpaca/trading/client.py", line 474, in get_account
    response = self.get("/account")
  File "/Users/spusapati/Personal/Investment_stratergy/.venv/lib/python3.13/site-packages/alpaca/common/rest.py", line 225, in get
    return self._request("GET", path, data, **kwargs)
           ~~~~~~~~~~~~~^^^^^^^^^^^^^^^^^^^^^^^^^^^^^
  File "/Users/spusapati/Personal/Investment_stratergy/.venv/lib/python3.13/site-packages/alpaca/common/rest.py", line 131, in _request
    return self._one_request(method, url, opts, retry)
           ~~~~~~~~~~~~~~~~~^^^^^^^^^^^^^^^^^^^^^^^^^^
  File "/Users/spusapati/Personal/Investment_stratergy/.venv/lib/python3.13/site-packages/alpaca/common/rest.py", line 207, in _one_request
    raise APIError(error, http_error)
alpaca.common.exceptions.APIError: {"message": "service temporary unavailable."}

2026-08-08 06:30:19,540 ERROR orchestrator | Watchdog tick failed; continuing.
Traceback (most recent call last):
  File "/Users/spusapati/Personal/Investment_stratergy/.venv/lib/python3.13/site-packages/alpaca/common/rest.py", line 198, in _one_request
    response.raise_for_status()
    ~~~~~~~~~~~~~~~~~~~~~~~~~^^
  File "/Users/spusapati/Personal/Investment_stratergy/.venv/lib/python3.13/site-packages/requests/models.py", line 1167, in raise_for_status
    raise HTTPError(http_error_msg, response=self)
requests.exceptions.HTTPError: 503 Server Error: Service Temporarily Unavailable for url: https://paper-api.alpaca.markets/v2/account

During handling of the above exception, another exception occurred:

Traceback (most recent call last):
  File "/Users/spusapati/Personal/Investment_stratergy/investment_strategy/orchestrator.py", line 350, in _watchdog_loop
    self.watchdog.check_once()
    ~~~~~~~~~~~~~~~~~~~~~~~~^^
  File "/Users/spusapati/Personal/Investment_stratergy/investment_strategy/monitor/watchdog.py", line 91, in check_once
    account = self.broker.get_account()
  File "/Users/spusapati/Personal/Investment_stratergy/investment_strategy/execution/alpaca_client.py", line 162, in get_account
    snap = self._read_account_once()
  File "/Users/spusapati/Personal/Investment_stratergy/investment_strategy/execution/alpaca_client.py", line 199, in _read_account_once
    a = _retry_read(self.trading.get_account, what="get_account")
  File "/Users/spusapati/Personal/Investment_stratergy/investment_strategy/execution/alpaca_client.py", line 117, in _retry_read
    return fn()
  File "/Users/spusapati/Personal/Investment_stratergy/.venv/lib/python3.13/site-packages/alpaca/trading/client.py", line 474, in get_account
    response = self.get("/account")
  File "/Users/spusapati/Personal/Investment_stratergy/.venv/lib/python3.13/site-packages/alpaca/common/rest.py", line 225, in get
    return self._request("GET", path, data, **kwargs)
           ~~~~~~~~~~~~~^^^^^^^^^^^^^^^^^^^^^^^^^^^^^
  File "/Users/spusapati/Personal/Investment_stratergy/.venv/lib/python3.13/site-packages/alpaca/common/rest.py", line 131, in _request
    return self._one_request(method, url, opts, retry)
           ~~~~~~~~~~~~~~~~~^^^^^^^^^^^^^^^^^^^^^^^^^^
  File "/Users/spusapati/Personal/Investment_stratergy/.venv/lib/python3.13/site-packages/alpaca/common/rest.py", line 207, in _one_request
    raise APIError(error, http_error)
alpaca.common.exceptions.APIError: {"message": "service temporary unavailable."}

2026-08-08 06:30:49,853 ERROR orchestrator | Watchdog tick failed; continuing.
Traceback (most recent call last):
  File "/Users/spusapati/Personal/Investment_stratergy/.venv/lib/python3.13/site-packages/alpaca/common/rest.py", line 198, in _one_request
    response.raise_for_status()
    ~~~~~~~~~~~~~~~~~~~~~~~~~^^
  File "/Users/spusapati/Personal/Investment_stratergy/.venv/lib/python3.13/site-packages/requests/models.py", line 1167, in raise_for_status
    raise HTTPError(http_error_msg, response=self)
requests.exceptions.HTTPError: 503 Server Error: Service Temporarily Unavailable for url: https://paper-api.alpaca.markets/v2/account

During handling of the above exception, another exception occurred:

Traceback (most recent call last):
  File "/Users/spusapati/Personal/Investment_stratergy/investment_strategy/orchestrator.py", line 350, in _watchdog_loop
    self.watchdog.check_once()
    ~~~~~~~~~~~~~~~~~~~~~~~~^^
  File "/Users/spusapati/Personal/Investment_stratergy/investment_strategy/monitor/watchdog.py", line 91, in check_once
    account = self.broker.get_account()
  File "/Users/spusapati/Personal/Investment_stratergy/investment_strategy/execution/alpaca_client.py", line 162, in get_account
    snap = self._read_account_once()
  File "/Users/spusapati/Personal/Investment_stratergy/investment_strategy/execution/alpaca_client.py", line 199, in _read_account_once
    a = _retry_read(self.trading.get_account, what="get_account")
  File "/Users/spusapati/Personal/Investment_stratergy/investment_strategy/execution/alpaca_client.py", line 117, in _retry_read
    return fn()
  File "/Users/spusapati/Personal/Investment_stratergy/.venv/lib/python3.13/site-packages/alpaca/trading/client.py", line 474, in get_account
    response = self.get("/account")
  File "/Users/spusapati/Personal/Investment_stratergy/.venv/lib/python3.13/site-packages/alpaca/common/rest.py", line 225, in get
    return self._request("GET", path, data, **kwargs)
           ~~~~~~~~~~~~~^^^^^^^^^^^^^^^^^^^^^^^^^^^^^
  File "/Users/spusapati/Personal/Investment_stratergy/.venv/lib/python3.13/site-packages/alpaca/common/rest.py", line 131, in _request
    return self._one_request(method, url, opts, retry)
           ~~~~~~~~~~~~~~~~~^^^^^^^^^^^^^^^^^^^^^^^^^^
  File "/Users/spusapati/Personal/Investment_stratergy/.venv/lib/python3.13/site-packages/alpaca/common/rest.py", line 207, in _one_request
    raise APIError(error, http_error)
alpaca.common.exceptions.APIError: {"message": "service temporary unavailable."}

2026-08-08 06:31:20,220 ERROR orchestrator | Watchdog tick failed; continuing.
Traceback (most recent call last):
  File "/Users/spusapati/Personal/Investment_stratergy/.venv/lib/python3.13/site-packages/alpaca/common/rest.py", line 198, in _one_request
    response.raise_for_status()
    ~~~~~~~~~~~~~~~~~~~~~~~~~^^
  File "/Users/spusapati/Personal/Investment_stratergy/.venv/lib/python3.13/site-packages/requests/models.py", line 1167, in raise_for_status
    raise HTTPError(http_error_msg, response=self)
requests.exceptions.HTTPError: 503 Server Error: Service Temporarily Unavailable for url: https://paper-api.alpaca.markets/v2/account

During handling of the above exception, another exception occurred:

Traceback (most recent call last):
  File "/Users/spusapati/Personal/Investment_stratergy/investment_strategy/orchestrator.py", line 350, in _watchdog_loop
    self.watchdog.check_once()
    ~~~~~~~~~~~~~~~~~~~~~~~~^^
  File "/Users/spusapati/Personal/Investment_stratergy/investment_strategy/monitor/watchdog.py", line 91, in check_once
    account = self.broker.get_account()
  File "/Users/spusapati/Personal/Investment_stratergy/investment_strategy/execution/alpaca_client.py", line 162, in get_account
    snap = self._read_account_once()
  File "/Users/spusapati/Personal/Investment_stratergy/investment_strategy/execution/alpaca_client.py", line 199, in _read_account_once
    a = _retry_read(self.trading.get_account, what="get_account")
  File "/Users/spusapati/Personal/Investment_stratergy/investment_strategy/execution/alpaca_client.py", line 117, in _retry_read
    return fn()
  File "/Users/spusapati/Personal/Investment_stratergy/.venv/lib/python3.13/site-packages/alpaca/trading/client.py", line 474, in get_account
    response = self.get("/account")
  File "/Users/spusapati/Personal/Investment_stratergy/.venv/lib/python3.13/site-packages/alpaca/common/rest.py", line 225, in get
    return self._request("GET", path, data, **kwargs)
           ~~~~~~~~~~~~~^^^^^^^^^^^^^^^^^^^^^^^^^^^^^
  File "/Users/spusapati/Personal/Investment_stratergy/.venv/lib/python3.13/site-packages/alpaca/common/rest.py", line 131, in _request
    return self._one_request(method, url, opts, retry)
           ~~~~~~~~~~~~~~~~~^^^^^^^^^^^^^^^^^^^^^^^^^^
  File "/Users/spusapati/Personal/Investment_stratergy/.venv/lib/python3.13/site-packages/alpaca/common/rest.py", line 207, in _one_request
    raise APIError(error, http_error)
alpaca.common.exceptions.APIError: {"message": "service temporary unavailable."}

2026-08-08 06:31:50,460 ERROR orchestrator | Watchdog tick failed; continuing.
Traceback (most recent call last):
  File "/Users/spusapati/Personal/Investment_stratergy/.venv/lib/python3.13/site-packages/alpaca/common/rest.py", line 198, in _one_request
    response.raise_for_status()
    ~~~~~~~~~~~~~~~~~~~~~~~~~^^
  File "/Users/spusapati/Personal/Investment_stratergy/.venv/lib/python3.13/site-packages/requests/models.py", line 1167, in raise_for_status
    raise HTTPError(http_error_msg, response=self)
requests.exceptions.HTTPError: 503 Server Error: Service Temporarily Unavailable for url: https://paper-api.alpaca.markets/v2/account

During handling of the above exception, another exception occurred:

Traceback (most recent call last):
  File "/Users/spusapati/Personal/Investment_stratergy/investment_strategy/orchestrator.py", line 350, in _watchdog_loop
    self.watchdog.check_once()
    ~~~~~~~~~~~~~~~~~~~~~~~~^^
  File "/Users/spusapati/Personal/Investment_stratergy/investment_strategy/monitor/watchdog.py", line 91, in check_once
    account = self.broker.get_account()
  File "/Users/spusapati/Personal/Investment_stratergy/investment_strategy/execution/alpaca_client.py", line 162, in get_account
    snap = self._read_account_once()
  File "/Users/spusapati/Personal/Investment_stratergy/investment_strategy/execution/alpaca_client.py", line 199, in _read_account_once
    a = _retry_read(self.trading.get_account, what="get_account")
  File "/Users/spusapati/Personal/Investment_stratergy/investment_strategy/execution/alpaca_client.py", line 117, in _retry_read
    return fn()
  File "/Users/spusapati/Personal/Investment_stratergy/.venv/lib/python3.13/site-packages/alpaca/trading/client.py", line 474, in get_account
    response = self.get("/account")
  File "/Users/spusapati/Personal/Investment_stratergy/.venv/lib/python3.13/site-packages/alpaca/common/rest.py", line 225, in get
    return self._request("GET", path, data, **kwargs)
           ~~~~~~~~~~~~~^^^^^^^^^^^^^^^^^^^^^^^^^^^^^
  File "/Users/spusapati/Personal/Investment_stratergy/.venv/lib/python3.13/site-packages/alpaca/common/rest.py", line 131, in _request
    return self._one_request(method, url, opts, retry)
           ~~~~~~~~~~~~~~~~~^^^^^^^^^^^^^^^^^^^^^^^^^^
  File "/Users/spusapati/Personal/Investment_stratergy/.venv/lib/python3.13/site-packages/alpaca/common/rest.py", line 207, in _one_request
    raise APIError(error, http_error)
alpaca.common.exceptions.APIError: {"message": "service temporary unavailable."}

2026-08-08 06:32:20,802 ERROR orchestrator | Watchdog tick failed; continuing.
Traceback (most recent call last):
  File "/Users/spusapati/Personal/Investment_stratergy/.venv/lib/python3.13/site-packages/alpaca/common/rest.py", line 198, in _one_request
    response.raise_for_status()
    ~~~~~~~~~~~~~~~~~~~~~~~~~^^
  File "/Users/spusapati/Personal/Investment_stratergy/.venv/lib/python3.13/site-packages/requests/models.py", line 1167, in raise_for_status
    raise HTTPError(http_error_msg, response=self)
requests.exceptions.HTTPError: 503 Server Error: Service Temporarily Unavailable for url: https://paper-api.alpaca.markets/v2/account

During handling of the above exception, another exception occurred:

Traceback (most recent call last):
  File "/Users/spusapati/Personal/Investment_stratergy/investment_strategy/orchestrator.py", line 350, in _watchdog_loop
    self.watchdog.check_once()
    ~~~~~~~~~~~~~~~~~~~~~~~~^^
  File "/Users/spusapati/Personal/Investment_stratergy/investment_strategy/monitor/watchdog.py", line 91, in check_once
    account = self.broker.get_account()
  File "/Users/spusapati/Personal/Investment_stratergy/investment_strategy/execution/alpaca_client.py", line 162, in get_account
    snap = self._read_account_once()
  File "/Users/spusapati/Personal/Investment_stratergy/investment_strategy/execution/alpaca_client.py", line 199, in _read_account_once
    a = _retry_read(self.trading.get_account, what="get_account")
  File "/Users/spusapati/Personal/Investment_stratergy/investment_strategy/execution/alpaca_client.py", line 117, in _retry_read
    return fn()
  File "/Users/spusapati/Personal/Investment_stratergy/.venv/lib/python3.13/site-packages/alpaca/trading/client.py", line 474, in get_account
    response = self.get("/account")
  File "/Users/spusapati/Personal/Investment_stratergy/.venv/lib/python3.13/site-packages/alpaca/common/rest.py", line 225, in get
    return self._request("GET", path, data, **kwargs)
           ~~~~~~~~~~~~~^^^^^^^^^^^^^^^^^^^^^^^^^^^^^
  File "/Users/spusapati/Personal/Investment_stratergy/.venv/lib/python3.13/site-packages/alpaca/common/rest.py", line 131, in _request
    return self._one_request(method, url, opts, retry)
           ~~~~~~~~~~~~~~~~~^^^^^^^^^^^^^^^^^^^^^^^^^^
  File "/Users/spusapati/Personal/Investment_stratergy/.venv/lib/python3.13/site-packages/alpaca/common/rest.py", line 207, in _one_request
    raise APIError(error, http_error)
alpaca.common.exceptions.APIError: {"message": "service temporary unavailable."}

2026-08-08 06:32:51,045 ERROR orchestrator | Watchdog tick failed; continuing.
Traceback (most recent call last):
  File "/Users/spusapati/Personal/Investment_stratergy/.venv/lib/python3.13/site-packages/alpaca/common/rest.py", line 198, in _one_request
    response.raise_for_status()
    ~~~~~~~~~~~~~~~~~~~~~~~~~^^
  File "/Users/spusapati/Personal/Investment_stratergy/.venv/lib/python3.13/site-packages/requests/models.py", line 1167, in raise_for_status
    raise HTTPError(http_error_msg, response=self)
requests.exceptions.HTTPError: 503 Server Error: Service Temporarily Unavailable for url: https://paper-api.alpaca.markets/v2/account

During handling of the above exception, another exception occurred:

Traceback (most recent call last):
  File "/Users/spusapati/Personal/Investment_stratergy/investment_strategy/orchestrator.py", line 350, in _watchdog_loop
    self.watchdog.check_once()
    ~~~~~~~~~~~~~~~~~~~~~~~~^^
  File "/Users/spusapati/Personal/Investment_stratergy/investment_strategy/monitor/watchdog.py", line 91, in check_once
    account = self.broker.get_account()
  File "/Users/spusapati/Personal/Investment_stratergy/investment_strategy/execution/alpaca_client.py", line 162, in get_account
    snap = self._read_account_once()
  File "/Users/spusapati/Personal/Investment_stratergy/investment_strategy/execution/alpaca_client.py", line 199, in _read_account_once
    a = _retry_read(self.trading.get_account, what="get_account")
  File "/Users/spusapati/Personal/Investment_stratergy/investment_strategy/execution/alpaca_client.py", line 117, in _retry_read
    return fn()
  File "/Users/spusapati/Personal/Investment_stratergy/.venv/lib/python3.13/site-packages/alpaca/trading/client.py", line 474, in get_account
    response = self.get("/account")
  File "/Users/spusapati/Personal/Investment_stratergy/.venv/lib/python3.13/site-packages/alpaca/common/rest.py", line 225, in get
    return self._request("GET", path, data, **kwargs)
           ~~~~~~~~~~~~~^^^^^^^^^^^^^^^^^^^^^^^^^^^^^
  File "/Users/spusapati/Personal/Investment_stratergy/.venv/lib/python3.13/site-packages/alpaca/common/rest.py", line 131, in _request
    return self._one_request(method, url, opts, retry)
           ~~~~~~~~~~~~~~~~~^^^^^^^^^^^^^^^^^^^^^^^^^^
  File "/Users/spusapati/Personal/Investment_stratergy/.venv/lib/python3.13/site-packages/alpaca/common/rest.py", line 207, in _one_request
    raise APIError(error, http_error)
alpaca.common.exceptions.APIError: {"message": "service temporary unavailable."}

2026-08-08 06:33:21,412 ERROR orchestrator | Watchdog tick failed; continuing.
Traceback (most recent call last):
  File "/Users/spusapati/Personal/Investment_stratergy/.venv/lib/python3.13/site-packages/alpaca/common/rest.py", line 198, in _one_request
    response.raise_for_status()
    ~~~~~~~~~~~~~~~~~~~~~~~~~^^
  File "/Users/spusapati/Personal/Investment_stratergy/.venv/lib/python3.13/site-packages/requests/models.py", line 1167, in raise_for_status
    raise HTTPError(http_error_msg, response=self)
requests.exceptions.HTTPError: 503 Server Error: Service Temporarily Unavailable for url: https://paper-api.alpaca.markets/v2/account

During handling of the above exception, another exception occurred:

Traceback (most recent call last):
  File "/Users/spusapati/Personal/Investment_stratergy/investment_strategy/orchestrator.py", line 350, in _watchdog_loop
    self.watchdog.check_once()
    ~~~~~~~~~~~~~~~~~~~~~~~~^^
  File "/Users/spusapati/Personal/Investment_stratergy/investment_strategy/monitor/watchdog.py", line 91, in check_once
    account = self.broker.get_account()
  File "/Users/spusapati/Personal/Investment_stratergy/investment_strategy/execution/alpaca_client.py", line 162, in get_account
    snap = self._read_account_once()
  File "/Users/spusapati/Personal/Investment_stratergy/investment_strategy/execution/alpaca_client.py", line 199, in _read_account_once
    a = _retry_read(self.trading.get_account, what="get_account")
  File "/Users/spusapati/Personal/Investment_stratergy/investment_strategy/execution/alpaca_client.py", line 117, in _retry_read
    return fn()
  File "/Users/spusapati/Personal/Investment_stratergy/.venv/lib/python3.13/site-packages/alpaca/trading/client.py", line 474, in get_account
    response = self.get("/account")
  File "/Users/spusapati/Personal/Investment_stratergy/.venv/lib/python3.13/site-packages/alpaca/common/rest.py", line 225, in get
    return self._request("GET", path, data, **kwargs)
           ~~~~~~~~~~~~~^^^^^^^^^^^^^^^^^^^^^^^^^^^^^
  File "/Users/spusapati/Personal/Investment_stratergy/.venv/lib/python3.13/site-packages/alpaca/common/rest.py", line 131, in _request
    return self._one_request(method, url, opts, retry)
           ~~~~~~~~~~~~~~~~~^^^^^^^^^^^^^^^^^^^^^^^^^^
  File "/Users/spusapati/Personal/Investment_stratergy/.venv/lib/python3.13/site-packages/alpaca/common/rest.py", line 207, in _one_request
    raise APIError(error, http_error)
alpaca.common.exceptions.APIError: {"message": "service temporary unavailable."}

2026-08-08 06:33:52,505 ERROR orchestrator | Watchdog tick failed; continuing.
Traceback (most recent call last):
  File "/Users/spusapati/Personal/Investment_stratergy/.venv/lib/python3.13/site-packages/alpaca/common/rest.py", line 198, in _one_request
    response.raise_for_status()
    ~~~~~~~~~~~~~~~~~~~~~~~~~^^
  File "/Users/spusapati/Personal/Investment_stratergy/.venv/lib/python3.13/site-packages/requests/models.py", line 1167, in raise_for_status
    raise HTTPError(http_error_msg, response=self)
requests.exceptions.HTTPError: 503 Server Error: Service Temporarily Unavailable for url: https://paper-api.alpaca.markets/v2/account

During handling of the above exception, another exception occurred:

Traceback (most recent call last):
  File "/Users/spusapati/Personal/Investment_stratergy/investment_strategy/orchestrator.py", line 350, in _watchdog_loop
    self.watchdog.check_once()
    ~~~~~~~~~~~~~~~~~~~~~~~~^^
  File "/Users/spusapati/Personal/Investment_stratergy/investment_strategy/monitor/watchdog.py", line 91, in check_once
    account = self.broker.get_account()
  File "/Users/spusapati/Personal/Investment_stratergy/investment_strategy/execution/alpaca_client.py", line 162, in get_account
    snap = self._read_account_once()
  File "/Users/spusapati/Personal/Investment_stratergy/investment_strategy/execution/alpaca_client.py", line 199, in _read_account_once
    a = _retry_read(self.trading.get_account, what="get_account")
  File "/Users/spusapati/Personal/Investment_stratergy/investment_strategy/execution/alpaca_client.py", line 117, in _retry_read
    return fn()
  File "/Users/spusapati/Personal/Investment_stratergy/.venv/lib/python3.13/site-packages/alpaca/trading/client.py", line 474, in get_account
    response = self.get("/account")
  File "/Users/spusapati/Personal/Investment_stratergy/.venv/lib/python3.13/site-packages/alpaca/common/rest.py", line 225, in get
    return self._request("GET", path, data, **kwargs)
           ~~~~~~~~~~~~~^^^^^^^^^^^^^^^^^^^^^^^^^^^^^
  File "/Users/spusapati/Personal/Investment_stratergy/.venv/lib/python3.13/site-packages/alpaca/common/rest.py", line 131, in _request
    return self._one_request(method, url, opts, retry)
           ~~~~~~~~~~~~~~~~~^^^^^^^^^^^^^^^^^^^^^^^^^^
  File "/Users/spusapati/Personal/Investment_stratergy/.venv/lib/python3.13/site-packages/alpaca/common/rest.py", line 207, in _one_request
    raise APIError(error, http_error)
alpaca.common.exceptions.APIError: {"message": "service temporary unavailable."}

2026-08-08 06:34:22,921 ERROR orchestrator | Watchdog tick failed; continuing.
Traceback (most recent call last):
  File "/Users/spusapati/Personal/Investment_stratergy/.venv/lib/python3.13/site-packages/alpaca/common/rest.py", line 198, in _one_request
    response.raise_for_status()
    ~~~~~~~~~~~~~~~~~~~~~~~~~^^
  File "/Users/spusapati/Personal/Investment_stratergy/.venv/lib/python3.13/site-packages/requests/models.py", line 1167, in raise_for_status
    raise HTTPError(http_error_msg, response=self)
requests.exceptions.HTTPError: 503 Server Error: Service Temporarily Unavailable for url: https://paper-api.alpaca.markets/v2/account

During handling of the above exception, another exception occurred:

Traceback (most recent call last):
  File "/Users/spusapati/Personal/Investment_stratergy/investment_strategy/orchestrator.py", line 350, in _watchdog_loop
    self.watchdog.check_once()
    ~~~~~~~~~~~~~~~~~~~~~~~~^^
  File "/Users/spusapati/Personal/Investment_stratergy/investment_strategy/monitor/watchdog.py", line 91, in check_once
    account = self.broker.get_account()
  File "/Users/spusapati/Personal/Investment_stratergy/investment_strategy/execution/alpaca_client.py", line 162, in get_account
    snap = self._read_account_once()
  File "/Users/spusapati/Personal/Investment_stratergy/investment_strategy/execution/alpaca_client.py", line 199, in _read_account_once
    a = _retry_read(self.trading.get_account, what="get_account")
  File "/Users/spusapati/Personal/Investment_stratergy/investment_strategy/execution/alpaca_client.py", line 117, in _retry_read
    return fn()
  File "/Users/spusapati/Personal/Investment_stratergy/.venv/lib/python3.13/site-packages/alpaca/trading/client.py", line 474, in get_account
    response = self.get("/account")
  File "/Users/spusapati/Personal/Investment_stratergy/.venv/lib/python3.13/site-packages/alpaca/common/rest.py", line 225, in get
    return self._request("GET", path, data, **kwargs)
           ~~~~~~~~~~~~~^^^^^^^^^^^^^^^^^^^^^^^^^^^^^
  File "/Users/spusapati/Personal/Investment_stratergy/.venv/lib/python3.13/site-packages/alpaca/common/rest.py", line 131, in _request
    return self._one_request(method, url, opts, retry)
           ~~~~~~~~~~~~~~~~~^^^^^^^^^^^^^^^^^^^^^^^^^^
  File "/Users/spusapati/Personal/Investment_stratergy/.venv/lib/python3.13/site-packages/alpaca/common/rest.py", line 207, in _one_request
    raise APIError(error, http_error)
alpaca.common.exceptions.APIError: {"message": "service temporary unavailable."}

2026-08-08 06:34:53,275 ERROR orchestrator | Watchdog tick failed; continuing.
Traceback (most recent call last):
  File "/Users/spusapati/Personal/Investment_stratergy/.venv/lib/python3.13/site-packages/alpaca/common/rest.py", line 198, in _one_request
    response.raise_for_status()
    ~~~~~~~~~~~~~~~~~~~~~~~~~^^
  File "/Users/spusapati/Personal/Investment_stratergy/.venv/lib/python3.13/site-packages/requests/models.py", line 1167, in raise_for_status
    raise HTTPError(http_error_msg, response=self)
requests.exceptions.HTTPError: 503 Server Error: Service Temporarily Unavailable for url: https://paper-api.alpaca.markets/v2/account

During handling of the above exception, another exception occurred:

Traceback (most recent call last):
  File "/Users/spusapati/Personal/Investment_stratergy/investment_strategy/orchestrator.py", line 350, in _watchdog_loop
    self.watchdog.check_once()
    ~~~~~~~~~~~~~~~~~~~~~~~~^^
  File "/Users/spusapati/Personal/Investment_stratergy/investment_strategy/monitor/watchdog.py", line 91, in check_once
    account = self.broker.get_account()
  File "/Users/spusapati/Personal/Investment_stratergy/investment_strategy/execution/alpaca_client.py", line 162, in get_account
    snap = self._read_account_once()
  File "/Users/spusapati/Personal/Investment_stratergy/investment_strategy/execution/alpaca_client.py", line 199, in _read_account_once
    a = _retry_read(self.trading.get_account, what="get_account")
  File "/Users/spusapati/Personal/Investment_stratergy/investment_strategy/execution/alpaca_client.py", line 117, in _retry_read
    return fn()
  File "/Users/spusapati/Personal/Investment_stratergy/.venv/lib/python3.13/site-packages/alpaca/trading/client.py", line 474, in get_account
    response = self.get("/account")
  File "/Users/spusapati/Personal/Investment_stratergy/.venv/lib/python3.13/site-packages/alpaca/common/rest.py", line 225, in get
    return self._request("GET", path, data, **kwargs)
           ~~~~~~~~~~~~~^^^^^^^^^^^^^^^^^^^^^^^^^^^^^
  File "/Users/spusapati/Personal/Investment_stratergy/.venv/lib/python3.13/site-packages/alpaca/common/rest.py", line 131, in _request
    return self._one_request(method, url, opts, retry)
           ~~~~~~~~~~~~~~~~~^^^^^^^^^^^^^^^^^^^^^^^^^^
  File "/Users/spusapati/Personal/Investment_stratergy/.venv/lib/python3.13/site-packages/alpaca/common/rest.py", line 207, in _one_request
    raise APIError(error, http_error)
alpaca.common.exceptions.APIError: {"message": "service temporary unavailable."}

2026-08-08 06:35:23,604 ERROR orchestrator | Watchdog tick failed; continuing.
Traceback (most recent call last):
  File "/Users/spusapati/Personal/Investment_stratergy/.venv/lib/python3.13/site-packages/alpaca/common/rest.py", line 198, in _one_request
    response.raise_for_status()
    ~~~~~~~~~~~~~~~~~~~~~~~~~^^
  File "/Users/spusapati/Personal/Investment_stratergy/.venv/lib/python3.13/site-packages/requests/models.py", line 1167, in raise_for_status
    raise HTTPError(http_error_msg, response=self)
requests.exceptions.HTTPError: 503 Server Error: Service Temporarily Unavailable for url: https://paper-api.alpaca.markets/v2/account

During handling of the above exception, another exception occurred:

Traceback (most recent call last):
  File "/Users/spusapati/Personal/Investment_stratergy/investment_strategy/orchestrator.py", line 350, in _watchdog_loop
    self.watchdog.check_once()
    ~~~~~~~~~~~~~~~~~~~~~~~~^^
  File "/Users/spusapati/Personal/Investment_stratergy/investment_strategy/monitor/watchdog.py", line 91, in check_once
    account = self.broker.get_account()
  File "/Users/spusapati/Personal/Investment_stratergy/investment_strategy/execution/alpaca_client.py", line 162, in get_account
    snap = self._read_account_once()
  File "/Users/spusapati/Personal/Investment_stratergy/investment_strategy/execution/alpaca_client.py", line 199, in _read_account_once
    a = _retry_read(self.trading.get_account, what="get_account")
  File "/Users/spusapati/Personal/Investment_stratergy/investment_strategy/execution/alpaca_client.py", line 117, in _retry_read
    return fn()
  File "/Users/spusapati/Personal/Investment_stratergy/.venv/lib/python3.13/site-packages/alpaca/trading/client.py", line 474, in get_account
    response = self.get("/account")
  File "/Users/spusapati/Personal/Investment_stratergy/.venv/lib/python3.13/site-packages/alpaca/common/rest.py", line 225, in get
    return self._request("GET", path, data, **kwargs)
           ~~~~~~~~~~~~~^^^^^^^^^^^^^^^^^^^^^^^^^^^^^
  File "/Users/spusapati/Personal/Investment_stratergy/.venv/lib/python3.13/site-packages/alpaca/common/rest.py", line 131, in _request
    return self._one_request(method, url, opts, retry)
           ~~~~~~~~~~~~~~~~~^^^^^^^^^^^^^^^^^^^^^^^^^^
  File "/Users/spusapati/Personal/Investment_stratergy/.venv/lib/python3.13/site-packages/alpaca/common/rest.py", line 207, in _one_request
    raise APIError(error, http_error)
alpaca.common.exceptions.APIError: {"message": "service temporary unavailable."}

2026-08-08 06:35:54,124 ERROR orchestrator | Watchdog tick failed; continuing.
Traceback (most recent call last):
  File "/Users/spusapati/Personal/Investment_stratergy/.venv/lib/python3.13/site-packages/alpaca/common/rest.py", line 198, in _one_request
    response.raise_for_status()
    ~~~~~~~~~~~~~~~~~~~~~~~~~^^
  File "/Users/spusapati/Personal/Investment_stratergy/.venv/lib/python3.13/site-packages/requests/models.py", line 1167, in raise_for_status
    raise HTTPError(http_error_msg, response=self)
requests.exceptions.HTTPError: 503 Server Error: Service Temporarily Unavailable for url: https://paper-api.alpaca.markets/v2/account

During handling of the above exception, another exception occurred:

Traceback (most recent call last):
  File "/Users/spusapati/Personal/Investment_stratergy/investment_strategy/orchestrator.py", line 350, in _watchdog_loop
    self.watchdog.check_once()
    ~~~~~~~~~~~~~~~~~~~~~~~~^^
  File "/Users/spusapati/Personal/Investment_stratergy/investment_strategy/monitor/watchdog.py", line 91, in check_once
    account = self.broker.get_account()
  File "/Users/spusapati/Personal/Investment_stratergy/investment_strategy/execution/alpaca_client.py", line 162, in get_account
    snap = self._read_account_once()
  File "/Users/spusapati/Personal/Investment_stratergy/investment_strategy/execution/alpaca_client.py", line 199, in _read_account_once
    a = _retry_read(self.trading.get_account, what="get_account")
  File "/Users/spusapati/Personal/Investment_stratergy/investment_strategy/execution/alpaca_client.py", line 117, in _retry_read
    return fn()
  File "/Users/spusapati/Personal/Investment_stratergy/.venv/lib/python3.13/site-packages/alpaca/trading/client.py", line 474, in get_account
    response = self.get("/account")
  File "/Users/spusapati/Personal/Investment_stratergy/.venv/lib/python3.13/site-packages/alpaca/common/rest.py", line 225, in get
    return self._request("GET", path, data, **kwargs)
           ~~~~~~~~~~~~~^^^^^^^^^^^^^^^^^^^^^^^^^^^^^
  File "/Users/spusapati/Personal/Investment_stratergy/.venv/lib/python3.13/site-packages/alpaca/common/rest.py", line 131, in _request
    return self._one_request(method, url, opts, retry)
           ~~~~~~~~~~~~~~~~~^^^^^^^^^^^^^^^^^^^^^^^^^^
  File "/Users/spusapati/Personal/Investment_stratergy/.venv/lib/python3.13/site-packages/alpaca/common/rest.py", line 207, in _one_request
    raise APIError(error, http_error)
alpaca.common.exceptions.APIError: {"message": "service temporary unavailable."}

2026-08-08 07:08:35,969 INFO orchestrator | Market closed; skipping decision cycle.
2026-08-08 08:00:50,136 INFO orchestrator | Market closed; skipping decision cycle.
2026-08-08 08:53:03,758 INFO orchestrator | Market closed; skipping decision cycle.
2026-08-08 09:45:16,897 INFO orchestrator | Market closed; skipping decision cycle.
2026-08-08 10:37:31,670 INFO orchestrator | Market closed; skipping decision cycle.
2026-08-08 11:29:45,875 INFO orchestrator | Market closed; skipping decision cycle.
2026-08-08 12:21:56,993 INFO orchestrator | Market closed; skipping decision cycle.
2026-08-08 12:47:51,630 WARNING orchestrator | DARK GAP (market closed): no loop tick for 3 min (sleep/suspend?) — positions could not move; not paging.
2026-08-08 12:47:53,293 WARNING alpaca | get_account: transient network error (ConnectionError); retry 1/2.
2026-08-08 13:14:00,376 INFO orchestrator | Market closed; skipping decision cycle.
2026-08-08 14:06:11,181 INFO orchestrator | Market closed; skipping decision cycle.
2026-08-08 14:58:26,133 INFO orchestrator | Market closed; skipping decision cycle.
2026-08-08 15:50:41,681 INFO orchestrator | Market closed; skipping decision cycle.
2026-08-08 16:42:56,672 INFO orchestrator | Market closed; skipping decision cycle.
2026-08-08 17:35:10,818 INFO orchestrator | Market closed; skipping decision cycle.
2026-08-08 18:27:24,934 INFO orchestrator | Market closed; skipping decision cycle.
2026-08-08 19:19:38,308 INFO orchestrator | Market closed; skipping decision cycle.
2026-08-08 20:11:52,954 INFO orchestrator | Market closed; skipping decision cycle.
2026-08-08 21:04:07,157 INFO orchestrator | Market closed; skipping decision cycle.
2026-08-08 21:56:21,564 INFO orchestrator | Market closed; skipping decision cycle.
2026-08-08 22:48:35,483 INFO orchestrator | Market closed; skipping decision cycle.
2026-08-08 23:40:49,317 INFO orchestrator | Market closed; skipping decision cycle.
